// Jest Snapshot v1, https://goo.gl/fbAQLP

exports[`Logo renders correctly 1`] = `
<div>
  <div
    id="logo"
  >
    <img
      src="../assets/img/logo.svg"
    />
  </div>
</div>
`;
